[fiber-check 16:05:01] Last check: 2026-09-13T02:54:10
[fiber-check 16:05:01] API sanity check: ok
[fiber-check 16:05:01] Git remote: reachable
[fiber-check 16:05:01] Querying Legistar for matters modified since 2026-09-13T02:54:10 ...
[fiber-check 16:05:01] Found 0 new/updated fiber/broadband matter(s).
[fiber-check 16:05:01] Nothing to post. Updating state.
[main b646ab1] chore: monitor check - no updates (2026-09-13)
 2 files changed, 7 insertions(+), 1 deletion(-)
 create mode 100644 fiber-check.log
To https://github.com/its-clawdia/fiber-updates.git
   8c71fff..b646ab1  main -> main
[fiber-check 16:05:01] Pushed state update.
[fiber-check 16:05:01] Last check: 2026-09-13T16:05:03
[fiber-check 16:05:01] API sanity check: ok
[fiber-check 16:05:01] Git remote: reachable
[fiber-check 16:05:01] Querying Legistar for matters modified since 2026-09-13T16:05:03 ...
[fiber-check 16:05:01] Found 0 new/updated fiber/broadband matter(s).
[fiber-check 16:05:01] Nothing to post. Updating state.
[main 9c457ba] chore: monitor check - no updates (2026-09-14)
 2 files changed, 13 insertions(+), 1 deletion(-)
To https://github.com/its-clawdia/fiber-updates.git
   b646ab1..9c457ba  main -> main
[fiber-check 16:05:01] Pushed state update.
[fiber-check 16:05:01] Last check: 2026-09-14T16:05:03
[fiber-check 16:05:01] API sanity check: ok
[fiber-check 16:05:01] Git remote: reachable
[fiber-check 16:05:01] Querying Legistar for matters modified since 2026-09-14T16:05:03 ...
[fiber-check 16:05:01] Found 0 new/updated fiber/broadband matter(s).
[fiber-check 16:05:01] Nothing to post. Updating state.
[main 0dce13b] chore: monitor check - no updates (2026-09-15)
 2 files changed, 12 insertions(+), 1 deletion(-)
To https://github.com/its-clawdia/fiber-updates.git
   9c457ba..0dce13b  main -> main
[fiber-check 16:05:01] Pushed state update.
[fiber-check 16:05:01] Last check: 2026-09-15T16:05:03
[fiber-check 16:05:01] API sanity check: ok
[fiber-check 16:05:01] Git remote: reachable
[fiber-check 16:05:01] Querying Legistar for matters modified since 2026-09-15T16:05:03 ...
[fiber-check 16:05:01] Found 0 new/updated fiber/broadband matter(s).
[fiber-check 16:05:01] Nothing to post. Updating state.
[main 54223c4] chore: monitor check - no updates (2026-09-16)
 2 files changed, 12 insertions(+), 1 deletion(-)
To https://github.com/its-clawdia/fiber-updates.git
   0dce13b..54223c4  main -> main
[fiber-check 16:05:01] Pushed state update.
[fiber-check 16:05:01] Last check: 2026-09-16T16:05:03
[fiber-check 16:05:01] API sanity check: ok
[fiber-check 16:05:01] Git remote: reachable
[fiber-check 16:05:01] Querying Legistar for matters modified since 2026-09-16T16:05:03 ...
[fiber-check 16:05:01] Found 0 new/updated fiber/broadband matter(s).
[fiber-check 16:05:01] Nothing to post. Updating state.
[main dba06fb] chore: monitor check - no updates (2026-09-17)
 2 files changed, 12 insertions(+), 1 deletion(-)
To https://github.com/its-clawdia/fiber-updates.git
   54223c4..dba06fb  main -> main
[fiber-check 16:05:01] Pushed state update.
[fiber-check 16:05:01] Last check: 2026-09-17T16:05:02
[fiber-check 16:05:01] API sanity check: ok
[fiber-check 16:05:01] Git remote: reachable
[fiber-check 16:05:01] Querying Legistar for matters modified since 2026-09-17T16:05:02 ...
[fiber-check 16:05:01] Found 0 new/updated fiber/broadband matter(s).
[fiber-check 16:05:01] Nothing to post. Updating state.
[main 58142be] chore: monitor check - no updates (2026-09-18)
 2 files changed, 12 insertions(+), 1 deletion(-)
To https://github.com/its-clawdia/fiber-updates.git
   dba06fb..58142be  main -> main
[fiber-check 16:05:01] Pushed state update.
[fiber-check 16:05:01] Last check: 2026-09-18T16:05:02
[fiber-check 16:05:01] API sanity check: ok
[fiber-check 16:05:01] Git remote: reachable
[fiber-check 16:05:01] Querying Legistar for matters modified since 2026-09-18T16:05:02 ...
[fiber-check 16:05:01] Found 0 new/updated fiber/broadband matter(s).
[fiber-check 16:05:01] Nothing to post. Updating state.
[main 689507e] chore: monitor check - no updates (2026-09-19)
 2 files changed, 12 insertions(+), 1 deletion(-)
To https://github.com/its-clawdia/fiber-updates.git
   58142be..689507e  main -> main
[fiber-check 16:05:01] Pushed state update.
[fiber-check 16:05:01] Last check: 2026-09-19T16:05:02
[fiber-check 16:05:01] API sanity check: ok
[fiber-check 16:05:01] Git remote: reachable
[fiber-check 16:05:01] Querying Legistar for matters modified since 2026-09-19T16:05:02 ...
[fiber-check 16:05:01] Found 0 new/updated fiber/broadband matter(s).
[fiber-check 16:05:01] Nothing to post. Updating state.
[main 0b68757] chore: monitor check - no updates (2026-09-20)
 2 files changed, 12 insertions(+), 1 deletion(-)
To https://github.com/its-clawdia/fiber-updates.git
   689507e..0b68757  main -> main
[fiber-check 16:05:01] Pushed state update.
[fiber-check 16:05:01] Last check: 2026-09-20T16:05:02
[fiber-check 16:05:01] API sanity check: ok
[fiber-check 16:05:01] Git remote: reachable
[fiber-check 16:05:01] Querying Legistar for matters modified since 2026-09-20T16:05:02 ...
[fiber-check 16:05:01] Found 0 new/updated fiber/broadband matter(s).
[fiber-check 16:05:01] Nothing to post. Updating state.
[main c4cd3b4] chore: monitor check - no updates (2026-09-21)
 2 files changed, 12 insertions(+), 1 deletion(-)
To https://github.com/its-clawdia/fiber-updates.git
   0b68757..c4cd3b4  main -> main
[fiber-check 16:05:01] Pushed state update.
[fiber-check 16:05:01] Last check: 2026-09-21T16:05:03
[fiber-check 16:05:01] API sanity check: ok
[fiber-check 16:05:01] Git remote: reachable
[fiber-check 16:05:01] Querying Legistar for matters modified since 2026-09-21T16:05:03 ...
[fiber-check 16:05:01] Found 0 new/updated fiber/broadband matter(s).
[fiber-check 16:05:01] Nothing to post. Updating state.
[main eea50c3] chore: monitor check - no updates (2026-09-22)
 2 files changed, 12 insertions(+), 1 deletion(-)
To https://github.com/its-clawdia/fiber-updates.git
   c4cd3b4..eea50c3  main -> main
[fiber-check 16:05:01] Pushed state update.
[fiber-check 16:05:01] Last check: 2026-09-22T16:05:04
[fiber-check 16:05:01] API sanity check: ok
[fiber-check 16:05:01] Git remote: reachable
[fiber-check 16:05:01] Querying Legistar for matters modified since 2026-09-22T16:05:04 ...
[fiber-check 16:05:01] Found 0 new/updated fiber/broadband matter(s).
[fiber-check 16:05:01] Nothing to post. Updating state.
[main 280bd99] chore: monitor check - no updates (2026-09-23)
 2 files changed, 12 insertions(+), 1 deletion(-)
To https://github.com/its-clawdia/fiber-updates.git
   eea50c3..280bd99  main -> main
[fiber-check 16:05:01] Pushed state update.
[fiber-check 16:05:01] Last check: 2026-09-23T16:05:02
[fiber-check 16:05:01] API sanity check: ok
[fiber-check 16:05:01] Git remote: reachable
[fiber-check 16:05:01] Querying Legistar for matters modified since 2026-09-23T16:05:02 ...
[fiber-check 16:05:01] Found 0 new/updated fiber/broadband matter(s).
[fiber-check 16:05:01] Nothing to post. Updating state.
[main 89cd515] chore: monitor check - no updates (2026-09-24)
 2 files changed, 12 insertions(+), 1 deletion(-)
To https://github.com/its-clawdia/fiber-updates.git
   280bd99..89cd515  main -> main
[fiber-check 16:05:01] Pushed state update.
[fiber-check 16:05:01] Last check: 2026-09-24T16:05:03
[fiber-check 16:05:01] API sanity check: ok
[fiber-check 16:05:01] Git remote: reachable
[fiber-check 16:05:01] Querying Legistar for matters modified since 2026-09-24T16:05:03 ...
[fiber-check 16:05:01] Found 0 new/updated fiber/broadband matter(s).
[fiber-check 16:05:01] Nothing to post. Updating state.
[main 299969b] chore: monitor check - no updates (2026-09-25)
 2 files changed, 12 insertions(+), 1 deletion(-)
To https://github.com/its-clawdia/fiber-updates.git
   89cd515..299969b  main -> main
[fiber-check 16:05:01] Pushed state update.
[fiber-check 16:05:01] Last check: 2026-09-25T16:05:02
[fiber-check 16:05:01] API sanity check: ok
[fiber-check 16:05:01] Git remote: reachable
[fiber-check 16:05:01] Querying Legistar for matters modified since 2026-09-25T16:05:02 ...
[fiber-check 16:05:01] Found 0 new/updated fiber/broadband matter(s).
[fiber-check 16:05:01] Nothing to post. Updating state.
[main dc0259d] chore: monitor check - no updates (2026-09-26)
 2 files changed, 12 insertions(+), 1 deletion(-)
To https://github.com/its-clawdia/fiber-updates.git
   299969b..dc0259d  main -> main
[fiber-check 16:05:01] Pushed state update.
[fiber-check 16:05:01] Last check: 2026-09-26T16:05:02
[fiber-check 16:05:01] API sanity check: ok
[fiber-check 16:05:01] Git remote: reachable
[fiber-check 16:05:01] Querying Legistar for matters modified since 2026-09-26T16:05:02 ...
[fiber-check 16:05:01] Found 0 new/updated fiber/broadband matter(s).
[fiber-check 16:05:01] Nothing to post. Updating state.
[main d4f3636] chore: monitor check - no updates (2026-09-27)
 2 files changed, 12 insertions(+), 1 deletion(-)
To https://github.com/its-clawdia/fiber-updates.git
   dc0259d..d4f3636  main -> main
[fiber-check 16:05:01] Pushed state update.
[fiber-check 16:05:01] Last check: 2026-09-27T16:05:02
[fiber-check 16:05:01] API sanity check: ok
[fiber-check 16:05:01] Git remote: reachable
[fiber-check 16:05:01] Querying Legistar for matters modified since 2026-09-27T16:05:02 ...
[fiber-check 16:05:01] Found 0 new/updated fiber/broadband matter(s).
[fiber-check 16:05:01] Nothing to post. Updating state.
[main 836ea39] chore: monitor check - no updates (2026-09-28)
 2 files changed, 12 insertions(+), 1 deletion(-)
To https://github.com/its-clawdia/fiber-updates.git
   d4f3636..836ea39  main -> main
[fiber-check 16:05:01] Pushed state update.
[fiber-check 16:05:01] Last check: 2026-09-28T16:05:03
[fiber-check 16:05:01] API sanity check: ok
[fiber-check 16:05:01] Git remote: reachable
[fiber-check 16:05:01] Querying Legistar for matters modified since 2026-09-28T16:05:03 ...
[fiber-check 16:05:01] Found 0 new/updated fiber/broadband matter(s).
[fiber-check 16:05:01] Nothing to post. Updating state.
[main 019704c] chore: monitor check - no updates (2026-09-29)
 2 files changed, 12 insertions(+), 1 deletion(-)
To https://github.com/its-clawdia/fiber-updates.git
   836ea39..019704c  main -> main
[fiber-check 16:05:01] Pushed state update.
[fiber-check 16:05:01] Last check: 2026-09-29T16:05:02
[fiber-check 16:05:01] API sanity check: ok
[fiber-check 16:05:01] Git remote: reachable
[fiber-check 16:05:01] Querying Legistar for matters modified since 2026-09-29T16:05:02 ...
[fiber-check 16:05:01] Found 0 new/updated fiber/broadband matter(s).
[fiber-check 16:05:01] Nothing to post. Updating state.
